GAMS 46.3.0  cc87b1db Mar 19, 2024          WEX-WEI x86 64bit/MS Windows - 04/09/24 16:29:04 Page 1
G e n e r a l   A l g e b r a i c   M o d e l i n g   S y s t e m
C o m p i l a t i o n


   1  Sets
   2      i Tubos (De izquierda a derecha) /t1*t7/
   3      j  Lozas (Enumeradas de izquierda a derecha) /l1*l20/;
   4   
   5  Table relaciones(i, j)
   6      l1  l2  l3  l4  l5  l6  l7  l8  l9  l10 l11 l12 l13 l14 l15 l16 l17 l18 l19 l20
   7  t1  1   0   0   0   1   0   0   0   0   0   0   0   0   0   0   0   0   0   0   0
   8  t2  0   1   1   0   0   1   1   0   0   0   0   0   0   0   0   0   0   0   0   0
   9  t3  0   0   0   0   1   0   0   0   1   0   0   0   0   0   0   0   0   0   0   0
  10  t4  0   0   0   0   0   0   0   1   0   0   0   1   0   0   0   1   0   0   1   1
  11  t5  0   0   0   0   0   0   0   0   1   1   0   0   1   1   0   0   0   0   0   0
  12  t6  0   0   0   0   0   0   0   0   0   1   1   0   0   1   1   0   0   0   0   0
  13  t7  0   0   0   0   0   0   0   0   0   0   0   0   1   0   0   0   1   0   0   0;
  14   
  15  Variables z;
  16  Binary Variable x(j);
  17  Equations
  18      objectiveFunction,
  19      coberturaTotal (i);
  20   
  21  objectiveFunction              ..  z =e= sum(j, x(j));
  22  coberturaTotal (i)            ..  sum(j, x(j)*relaciones(i, j)) =g= 1;
  23   
  24   
  25  Model model1 /all/ ;
  26  option mip=cplex
  27  Solve model1 using mip minimizing z;
  28   
  29  Display 'Lozas a levantar', X.l;
  30  Display 'Mínimo de lozas a levantar: ', z.l;


COMPILATION TIME     =        0.000 SECONDS      3 MB  46.3.0 cc87b1db WEX-WEI
GAMS 46.3.0  cc87b1db Mar 19, 2024          WEX-WEI x86 64bit/MS Windows - 04/09/24 16:29:04 Page 2
G e n e r a l   A l g e b r a i c   M o d e l i n g   S y s t e m
Equation Listing    SOLVE model1 Using MIP From line 27


---- objectiveFunction  =E=  

objectiveFunction..  z - x(l1) - x(l2) - x(l3) - x(l4) - x(l5) - x(l6) - x(l7) - x(l8) - x(l9) - x(l10) - x(l11) - x(l12) - x(l13) - x(l14) - x(l15) - x(l16) - x(l17) - x(l18) - x(l19) - x(l20) =E= 0 ; (LHS = 0)
     

---- coberturaTotal  =G=  

coberturaTotal(t1)..  x(l1) + x(l5) =G= 1 ; (LHS = 0, INFES = 1 ****)
     
coberturaTotal(t2)..  x(l2) + x(l3) + x(l6) + x(l7) =G= 1 ; (LHS = 0, INFES = 1 ****)
     
coberturaTotal(t3)..  x(l5) + x(l9) =G= 1 ; (LHS = 0, INFES = 1 ****)
     
REMAINING 4 ENTRIES SKIPPED

GAMS 46.3.0  cc87b1db Mar 19, 2024          WEX-WEI x86 64bit/MS Windows - 04/09/24 16:29:04 Page 3
G e n e r a l   A l g e b r a i c   M o d e l i n g   S y s t e m
Column Listing      SOLVE model1 Using MIP From line 27


---- z  

z
                (.LO, .L, .UP, .M = -INF, 0, +INF, 0)
        1       objectiveFunction


---- x  

x(l1)
                (.LO, .L, .UP, .M = 0, 0, 1, 0)
       -1       objectiveFunction
        1       coberturaTotal(t1)

x(l2)
                (.LO, .L, .UP, .M = 0, 0, 1, 0)
       -1       objectiveFunction
        1       coberturaTotal(t2)

x(l3)
                (.LO, .L, .UP, .M = 0, 0, 1, 0)
       -1       objectiveFunction
        1       coberturaTotal(t2)

REMAINING 17 ENTRIES SKIPPED
GAMS 46.3.0  cc87b1db Mar 19, 2024          WEX-WEI x86 64bit/MS Windows - 04/09/24 16:29:04 Page 4
G e n e r a l   A l g e b r a i c   M o d e l i n g   S y s t e m
Range Statistics    SOLVE model1 Using MIP From line 27


RANGE STATISTICS (ABSOLUTE NON-ZERO FINITE VALUES)

RHS       [min, max] : [ 1.000E+00, 1.000E+00] - Zero values observed as well
Bound     [min, max] : [ 1.000E+00, 1.000E+00] - Zero values observed as well
Matrix    [min, max] : [ 1.000E+00, 1.000E+00]

GAMS 46.3.0  cc87b1db Mar 19, 2024          WEX-WEI x86 64bit/MS Windows - 04/09/24 16:29:04 Page 5
G e n e r a l   A l g e b r a i c   M o d e l i n g   S y s t e m
Model Statistics    SOLVE model1 Using MIP From line 27


MODEL STATISTICS

BLOCKS OF EQUATIONS           2     SINGLE EQUATIONS            8
BLOCKS OF VARIABLES           2     SINGLE VARIABLES           21
NON ZERO ELEMENTS            44     DISCRETE VARIABLES         20


GENERATION TIME      =        0.000 SECONDS      4 MB  46.3.0 cc87b1db WEX-WEI
GAMS 46.3.0  cc87b1db Mar 19, 2024          WEX-WEI x86 64bit/MS Windows - 04/09/24 16:29:04 Page 6
G e n e r a l   A l g e b r a i c   M o d e l i n g   S y s t e m
Solution Report     SOLVE model1 Using MIP From line 27


               S O L V E      S U M M A R Y

     MODEL   model1              OBJECTIVE  z
     TYPE    MIP                 DIRECTION  MINIMIZE
     SOLVER  CPLEX               FROM LINE  27

**** SOLVER STATUS     1 Normal Completion
**** MODEL STATUS      1 Optimal
**** OBJECTIVE VALUE                5.0000

 RESOURCE USAGE, LIMIT          0.031 10000000000.000
 ITERATION COUNT, LIMIT         0    2147483647
*** This solver runs with a community license. No commercial use.
--- GMO setup time: 0.00s
--- GMO memory 0.50 Mb (peak 0.50 Mb)
--- Dictionary memory 0.00 Mb
--- Cplex 22.1.1.0 link memory 0.00 Mb (peak 0.00 Mb)
--- Starting Cplex


--- MIP status (101): integer optimal solution.
--- Cplex Time: 0.03sec (det. 0.02 ticks)

--- Returning a primal only solution to GAMS (marginals all set to NA).
--- Fixing integer variables and solving final LP...


--- Fixed MIP status (1): optimal.
--- Cplex Time: 0.00sec (det. 0.01 ticks)


Proven optimal solution
MIP Solution:            5.000000    (0 iterations, 0 nodes)
Final Solve:             5.000000    (0 iterations)

Best possible:           5.000000
Absolute gap:            0.000000
Relative gap:            0.000000


                           LOWER          LEVEL          UPPER         MARGINAL

---- EQU objective~          .              .              .             1.0000      

---- EQU coberturaTotal  

          LOWER          LEVEL          UPPER         MARGINAL

t1         1.0000         1.0000        +INF             .          
t2         1.0000         1.0000        +INF             .          
t3         1.0000         1.0000        +INF             .          
t4         1.0000         1.0000        +INF             .          
t5         1.0000         2.0000        +INF             .          
t6         1.0000         1.0000        +INF             .          
t7         1.0000         1.0000        +INF             .          

                           LOWER          LEVEL          UPPER         MARGINAL

---- VAR z                 -INF            5.0000        +INF             .          

---- VAR x  

           LOWER          LEVEL          UPPER         MARGINAL

l1           .              .             1.0000         1.0000      
l2           .              .             1.0000         1.0000      
l3           .              .             1.0000         1.0000      
l4           .              .             1.0000         1.0000      
l5           .             1.0000         1.0000         1.0000      
l6           .              .             1.0000         1.0000      
l7           .             1.0000         1.0000         1.0000      
l8           .              .             1.0000         1.0000      
l9           .              .             1.0000         1.0000      
l10          .             1.0000         1.0000         1.0000      
l11          .              .             1.0000         1.0000      
l12          .              .             1.0000         1.0000      
l13          .             1.0000         1.0000         1.0000      
l14          .              .             1.0000         1.0000      
l15          .              .             1.0000         1.0000      
l16          .              .             1.0000         1.0000      
l17          .              .             1.0000         1.0000      
l18          .              .             1.0000         1.0000      
l19          .              .             1.0000         1.0000      
l20          .             1.0000         1.0000         1.0000      


**** REPORT SUMMARY :        0     NONOPT
                             0 INFEASIBLE
                             0  UNBOUNDED
GAMS 46.3.0  cc87b1db Mar 19, 2024          WEX-WEI x86 64bit/MS Windows - 04/09/24 16:29:04 Page 7
G e n e r a l   A l g e b r a i c   M o d e l i n g   S y s t e m
E x e c u t i o n


----     29 Lozas a levantar

----     29 VARIABLE x.L  

l5  1.000,    l7  1.000,    l10 1.000,    l13 1.000,    l20 1.000


----     30 Mínimo de lozas a levantar: 
            VARIABLE z.L                   =        5.000  


EXECUTION TIME       =        0.125 SECONDS      4 MB  46.3.0 cc87b1db WEX-WEI


USER: GAMS Community License for Sebastian Murcia    G240125|0002AO-GEN
      Universidad de los Andes, Computer and Systems Engineering CL9328
      License for teaching and research at degree granting institutions


**** FILE SUMMARY

Input      D:\Biblioteca\Escritorio\Universidad\MOS\Lab 3\Tubes.gms
Output     D:\Biblioteca\Escritorio\Universidad\MOS\Lab 3\Tubes.lst
